PREHOOK: query: DESCRIBE FUNCTION isjson
PREHOOK: type: DESCFUNCTION
POSTHOOK: query: DESCRIBE FUNCTION isjson
POSTHOOK: type: DESCFUNCTION
string IS JSON - Parses the given string to see if it is valid JSON
PREHOOK: query: DESCRIBE FUNCTION EXTENDED isjson
PREHOOK: type: DESCFUNCTION
POSTHOOK: query: DESCRIBE FUNCTION EXTENDED isjson
POSTHOOK: type: DESCFUNCTION
string IS JSON - Parses the given string to see if it is valid JSON
Returns null if json is null, otherwise true or false
Function class:org.apache.hadoop.hive.ql.udf.generic.GenericUDFIsJson
Function type:BUILTIN
PREHOOK: query: DESCRIBE FUNCTION isnotjson
PREHOOK: type: DESCFUNCTION
POSTHOOK: query: DESCRIBE FUNCTION isnotjson
POSTHOOK: type: DESCFUNCTION
string IS NOT JSON - Parses the given string to see if it is not valid JSON
PREHOOK: query: DESCRIBE FUNCTION EXTENDED isnotjson
PREHOOK: type: DESCFUNCTION
POSTHOOK: query: DESCRIBE FUNCTION EXTENDED isnotjson
POSTHOOK: type: DESCFUNCTION
string IS NOT JSON - Parses the given string to see if it is not valid JSON
Returns null if json is null, otherwise true or false
Function class:org.apache.hadoop.hive.ql.udf.generic.GenericUDFIsNotJson
Function type:BUILTIN
PREHOOK: query: select 1 from src_json where json is json
PREHOOK: type: QUERY
PREHOOK: Input: default@src_json
#### A masked pattern was here ####
POSTHOOK: query: select 1 from src_json where json is json
POSTHOOK: type: QUERY
POSTHOOK: Input: default@src_json
#### A masked pattern was here ####
1
PREHOOK: query: select 1 from src_json where json is not json
PREHOOK: type: QUERY
PREHOOK: Input: default@src_json
#### A masked pattern was here ####
POSTHOOK: query: select 1 from src_json where json is not json
POSTHOOK: type: QUERY
POSTHOOK: Input: default@src_json
#### A masked pattern was here ####
PREHOOK: query: select 1 from src where key is json
PREHOOK: type: QUERY
PREHOOK: Input: default@src
#### A masked pattern was here ####
POSTHOOK: query: select 1 from src where key is json
POSTHOOK: type: QUERY
POSTHOOK: Input: default@src
#### A masked pattern was here ####
PREHOOK: query: select 1 from src where key is not json limit 1
PREHOOK: type: QUERY
PREHOOK: Input: default@src
#### A masked pattern was here ####
POSTHOOK: query: select 1 from src where key is not json limit 1
POSTHOOK: type: QUERY
POSTHOOK: Input: default@src
#### A masked pattern was here ####
1
